Array
(
    [name] => fedsfa
    [city] => fdsawer
    [email] => voron_76@mail.ru
    [phone] => 5445235432534
    [comment] => Заинтересовала ваша франшиза! Вышлите на почту бизнес-план и подробную информацию о франшизе.
)
